node: srvr-2.taueng.local
NVIDIA GeForce RTX 2080 Ti, 550.120, 7.5
device: NVIDIA GeForce RTX 2080 Ti sm_75 optin=64KB
N      batch gpu_ntt_ms  ours_ms     ratio    winner  
256    1     0.00794    f=0.00621   l=0.00662   0.782   ours    
256    2     0.00800    f=0.00645   l=0.00675   0.806   ours    
256    4     0.00816    f=0.00643   l=0.00685   0.788   ours    
256    8     0.00819    f=0.00646   l=0.00683   0.789   ours    
256    16    0.00819    f=0.00638   l=0.00688   0.779   ours    
256    32    0.00818    f=0.00650   l=0.00691   0.795   ours    
256    64    0.00821    f=0.00672   l=0.00706   0.819   ours    
256    128   0.00840    f=0.00718   l=0.00723   0.855   ours    
512    1     0.00869    f=0.00704   l=0.00750   0.810   ours    
512    2     0.00870    f=0.00709   l=0.00754   0.814   ours    
512    4     0.00822    f=0.00710   l=0.00762   0.864   ours    
512    8     0.00869    f=0.00717   l=0.00768   0.825   ours    
512    16    0.00819    f=0.00728   l=0.00774   0.889   ours    
512    32    0.00853    f=0.00730   l=0.00766   0.856   ours    
512    64    0.00869    f=0.00771   l=0.00792   0.888   ours    
512    128   0.00942    f=0.00819   l=0.00835   0.869   ours    
1024   1     0.00864    f=0.00854   l=0.00890   0.989   ours    
1024   2     0.00872    f=0.00882   l=0.00946   1.011   gpu_ntt 
1024   4     0.00880    f=0.00914   l=0.00950   1.038   gpu_ntt 
1024   8     0.00858    f=0.00874   l=0.00950   1.019   gpu_ntt 
1024   16    0.00845    f=0.00894   l=0.00906   1.059   gpu_ntt 
1024   32    0.00883    f=0.00912   l=0.00893   1.011   gpu_ntt 
1024   64    0.00970    f=0.01018   l=0.01014   1.046   gpu_ntt 
1024   128   0.01190    f=0.01349   l=0.01219   1.024   gpu_ntt 
2048   1     0.01104    f=0.01222   l=0.01174   1.064   gpu_ntt 
2048   2     0.01096    f=0.01229   l=0.01202   1.096   gpu_ntt 
2048   4     0.01123    f=0.01229   l=0.01208   1.075   gpu_ntt 
2048   8     0.01110    f=0.01248   l=0.01206   1.086   gpu_ntt 
2048   16    0.01179    f=0.01248   l=0.01203   1.020   gpu_ntt 
2048   32    0.01243    f=0.01267   l=0.01219   0.981   ours    
2048   64    0.01477    f=0.01494   l=0.01411   0.956   ours    
2048   128   0.02074    f=0.02587   l=0.02344   1.130   gpu_ntt 
4096   1     0.01152    f=0.01875   l=0.01733   1.504   gpu_ntt 
4096   2     0.01165    f=0.01880   l=0.01728   1.484   gpu_ntt 
4096   4     0.01198    f=0.01906   l=0.01797   1.499   gpu_ntt 
4096   8     0.01176    f=0.01934   l=0.01784   1.517   gpu_ntt 
4096   16    0.01253    f=0.01952   l=0.01803   1.439   gpu_ntt 
4096   32    0.01530    f=0.01944   l=0.01802   1.178   gpu_ntt 
4096   64    0.02178    f=0.02413   l=0.02253   1.035   gpu_ntt 
4096   128   0.03357    f=0.04317   l=0.04000   1.192   gpu_ntt 
8192   1     0.01114    f=0.02878   l=0.02782   2.499   gpu_ntt 
8192   2     0.01133    f=0.02885   l=0.02814   2.484   gpu_ntt 
8192   4     0.01176    f=0.02899   l=0.02803   2.384   gpu_ntt 
8192   8     0.01259    f=0.02898   l=0.02829   2.247   gpu_ntt 
8192   16    0.01539    f=0.02917   l=0.02806   1.823   gpu_ntt 
8192   32    0.02213    f=0.02968   l=0.02846   1.286   gpu_ntt 
8192   64    0.03392    f=0.03947   l=0.03845   1.133   gpu_ntt 
8192   128   0.05715    f=0.07461   l=0.07182   1.257   gpu_ntt 
16384  1     0.01189    f=0.05326   l=0.05120   4.307   gpu_ntt 
16384  2     0.01218    f=0.05342   l=0.05150   4.230   gpu_ntt 
16384  4     0.01293    f=0.05371   l=0.05176   4.004   gpu_ntt 
16384  8     0.01618    f=0.05366   l=0.05173   3.198   gpu_ntt 
16384  16    0.02283    f=0.05394   l=0.05168   2.263   gpu_ntt 
16384  32    0.03629    f=0.05450   l=0.05256   1.448   gpu_ntt 
16384  64    0.06123    f=0.07515   l=0.07213   1.178   gpu_ntt 
16384  128   0.11576    f=0.14970   l=0.14670   1.267   gpu_ntt 
exit=0
